iteration,100,test_loss,2.061283826828003,test_accuracy,0.5163000226020813
iteration,200,test_loss,1.4146792888641357,test_accuracy,0.6754999756813049
iteration,300,test_loss,0.8855300545692444,test_accuracy,0.7523000240325928
iteration,400,test_loss,0.6507532000541687,test_accuracy,0.8334000110626221
iteration,500,test_loss,0.5417163968086243,test_accuracy,0.8561000227928162
iteration,600,test_loss,0.4724171757698059,test_accuracy,0.8639000058174133
iteration,700,test_loss,0.438047856092453,test_accuracy,0.8727999925613403
iteration,800,test_loss,0.40139707922935486,test_accuracy,0.8859000205993652
iteration,900,test_loss,0.3810088038444519,test_accuracy,0.8884000182151794
iteration,1000,test_loss,0.36919552087783813,test_accuracy,0.8932999968528748
iteration,1100,test_loss,0.35865411162376404,test_accuracy,0.8960999846458435
iteration,1200,test_loss,0.34253114461898804,test_accuracy,0.8999999761581421
iteration,1300,test_loss,0.32975879311561584,test_accuracy,0.9035999774932861
iteration,1400,test_loss,0.3255235254764557,test_accuracy,0.9046000242233276
iteration,1500,test_loss,0.3331742584705353,test_accuracy,0.8999999761581421
iteration,1600,test_loss,0.3068575859069824,test_accuracy,0.9121999740600586
iteration,1700,test_loss,0.30875086784362793,test_accuracy,0.906499981880188
iteration,1800,test_loss,0.2962697148323059,test_accuracy,0.9128000140190125
iteration,1900,test_loss,0.2955518960952759,test_accuracy,0.914900004863739
iteration,2000,test_loss,0.2855316996574402,test_accuracy,0.9176999926567078
iteration,2100,test_loss,0.2937312722206116,test_accuracy,0.9153000116348267
iteration,2200,test_loss,0.2781067490577698,test_accuracy,0.9204999804496765
iteration,2300,test_loss,0.2787189781665802,test_accuracy,0.9174000024795532
iteration,2400,test_loss,0.2739879786968231,test_accuracy,0.920799970626831
iteration,2500,test_loss,0.2650178074836731,test_accuracy,0.9239000082015991
iteration,2600,test_loss,0.26154759526252747,test_accuracy,0.9233999848365784
iteration,2700,test_loss,0.257719486951828,test_accuracy,0.9243000149726868
iteration,2800,test_loss,0.25114473700523376,test_accuracy,0.9261999726295471
iteration,2900,test_loss,0.24986477196216583,test_accuracy,0.925000011920929
iteration,3000,test_loss,0.2507157623767853,test_accuracy,0.926800012588501
iteration,3100,test_loss,0.24190033972263336,test_accuracy,0.9297000169754028
iteration,3200,test_loss,0.23931826651096344,test_accuracy,0.9319000244140625
iteration,3300,test_loss,0.24011096358299255,test_accuracy,0.9276000261306763
iteration,3400,test_loss,0.2356724888086319,test_accuracy,0.9311000108718872
iteration,3500,test_loss,0.22831140458583832,test_accuracy,0.9314000010490417
iteration,3600,test_loss,0.24036523699760437,test_accuracy,0.9319000244140625
iteration,3700,test_loss,0.23372043669223785,test_accuracy,0.9329000115394592
iteration,3800,test_loss,0.2221239060163498,test_accuracy,0.9334999918937683
iteration,3900,test_loss,0.22778759896755219,test_accuracy,0.9283999800682068
iteration,4000,test_loss,0.22743099927902222,test_accuracy,0.9320999979972839
iteration,4100,test_loss,0.21142639219760895,test_accuracy,0.9376000165939331
iteration,4200,test_loss,0.21617639064788818,test_accuracy,0.9366999864578247
iteration,4300,test_loss,0.2052941918373108,test_accuracy,0.9391999840736389
iteration,4400,test_loss,0.2023594230413437,test_accuracy,0.9388999938964844
iteration,4500,test_loss,0.21154411137104034,test_accuracy,0.9387999773025513
iteration,4600,test_loss,0.21159042418003082,test_accuracy,0.9345999956130981
iteration,4700,test_loss,0.2041403353214264,test_accuracy,0.939300000667572
iteration,4800,test_loss,0.19953694939613342,test_accuracy,0.941100001335144
iteration,4900,test_loss,0.20841816067695618,test_accuracy,0.9381999969482422
iteration,5000,test_loss,0.18851231038570404,test_accuracy,0.9435999989509583
iteration,5100,test_loss,0.19700881838798523,test_accuracy,0.9404000043869019
iteration,5200,test_loss,0.1990799903869629,test_accuracy,0.9417999982833862
iteration,5300,test_loss,0.18940454721450806,test_accuracy,0.9434999823570251
iteration,5400,test_loss,0.19100502133369446,test_accuracy,0.9435999989509583
iteration,5500,test_loss,0.18008530139923096,test_accuracy,0.9466999769210815
iteration,5600,test_loss,0.18740114569664001,test_accuracy,0.9453999996185303
iteration,5700,test_loss,0.180809885263443,test_accuracy,0.9448999762535095
iteration,5800,test_loss,0.17351603507995605,test_accuracy,0.9473000168800354
iteration,5900,test_loss,0.17862994968891144,test_accuracy,0.9453999996185303
iteration,6000,test_loss,0.17415490746498108,test_accuracy,0.9484000205993652
iteration,6100,test_loss,0.1662488430738449,test_accuracy,0.9496999979019165
iteration,6200,test_loss,0.17442460358142853,test_accuracy,0.9466999769210815
iteration,6300,test_loss,0.16699542105197906,test_accuracy,0.9492999911308289
iteration,6400,test_loss,0.16764694452285767,test_accuracy,0.9484000205993652
iteration,6500,test_loss,0.1682940423488617,test_accuracy,0.9470000267028809
iteration,6600,test_loss,0.16508066654205322,test_accuracy,0.9510999917984009
iteration,6700,test_loss,0.16573862731456757,test_accuracy,0.9506999850273132
iteration,6800,test_loss,0.1590442955493927,test_accuracy,0.95169997215271
iteration,6900,test_loss,0.15433038771152496,test_accuracy,0.9541000127792358
iteration,7000,test_loss,0.15740546584129333,test_accuracy,0.9531000256538391
iteration,7100,test_loss,0.15680348873138428,test_accuracy,0.9517999887466431
iteration,7200,test_loss,0.15904603898525238,test_accuracy,0.9532999992370605
iteration,7300,test_loss,0.14841468632221222,test_accuracy,0.9550999999046326
iteration,7400,test_loss,0.14478231966495514,test_accuracy,0.9559999704360962
iteration,7500,test_loss,0.14883606135845184,test_accuracy,0.9552000164985657
iteration,7600,test_loss,0.14982004463672638,test_accuracy,0.9549000263214111
iteration,7700,test_loss,0.14986389875411987,test_accuracy,0.9545000195503235
iteration,7800,test_loss,0.14113694429397583,test_accuracy,0.9577999711036682
iteration,7900,test_loss,0.15076179802417755,test_accuracy,0.9567999839782715
iteration,8000,test_loss,0.13830672204494476,test_accuracy,0.9595999717712402
iteration,8100,test_loss,0.13794617354869843,test_accuracy,0.9595000147819519
iteration,8200,test_loss,0.13572700321674347,test_accuracy,0.9596999883651733
iteration,8300,test_loss,0.14210358262062073,test_accuracy,0.9584000110626221
iteration,8400,test_loss,0.1350979208946228,test_accuracy,0.9599000215530396
iteration,8500,test_loss,0.14735408127307892,test_accuracy,0.9546999931335449
iteration,8600,test_loss,0.14361269772052765,test_accuracy,0.9556000232696533
iteration,8700,test_loss,0.1344488263130188,test_accuracy,0.9605000019073486
iteration,8800,test_loss,0.129690483212471,test_accuracy,0.9620000123977661
iteration,8900,test_loss,0.13663068413734436,test_accuracy,0.9596999883651733
iteration,9000,test_loss,0.1400708705186844,test_accuracy,0.9585999846458435
iteration,9100,test_loss,0.12899209558963776,test_accuracy,0.9611999988555908
iteration,9200,test_loss,0.12706895172595978,test_accuracy,0.9624999761581421
iteration,9300,test_loss,0.12943075597286224,test_accuracy,0.9613999724388123
iteration,9400,test_loss,0.13026726245880127,test_accuracy,0.9609000086784363
iteration,9500,test_loss,0.1251583695411682,test_accuracy,0.9628999829292297
iteration,9600,test_loss,0.12330300360918045,test_accuracy,0.9624999761581421
iteration,9700,test_loss,0.1283596009016037,test_accuracy,0.9611999988555908
iteration,9800,test_loss,0.1240609884262085,test_accuracy,0.9627000093460083
iteration,9900,test_loss,0.12220896035432816,test_accuracy,0.9627000093460083
iteration,10000,test_loss,0.11944794654846191,test_accuracy,0.9634000062942505
iteration,10100,test_loss,0.1442672312259674,test_accuracy,0.9560999870300293
iteration,10200,test_loss,0.12121789902448654,test_accuracy,0.9638000130653381
iteration,10300,test_loss,0.12068738043308258,test_accuracy,0.9641000032424927
iteration,10400,test_loss,0.12144160270690918,test_accuracy,0.9646000266075134
iteration,10500,test_loss,0.1176777109503746,test_accuracy,0.9642000198364258
iteration,10600,test_loss,0.12019743770360947,test_accuracy,0.9628999829292297
iteration,10700,test_loss,0.12477012723684311,test_accuracy,0.9635000228881836
iteration,10800,test_loss,0.11604471504688263,test_accuracy,0.9642000198364258
iteration,10900,test_loss,0.11447351425886154,test_accuracy,0.9663000106811523
iteration,11000,test_loss,0.11225489526987076,test_accuracy,0.965499997138977
iteration,11100,test_loss,0.11375241726636887,test_accuracy,0.9660000205039978
iteration,11200,test_loss,0.11794598400592804,test_accuracy,0.9653000235557556
iteration,11300,test_loss,0.11626706272363663,test_accuracy,0.9646999835968018
iteration,11400,test_loss,0.11228127777576447,test_accuracy,0.9656999707221985
iteration,11500,test_loss,0.11212735623121262,test_accuracy,0.9659000039100647
iteration,11600,test_loss,0.11605725437402725,test_accuracy,0.9646999835968018
iteration,11700,test_loss,0.11270029097795486,test_accuracy,0.96670001745224
iteration,11800,test_loss,0.11216975003480911,test_accuracy,0.9650999903678894
iteration,11900,test_loss,0.10759859532117844,test_accuracy,0.9678000211715698
iteration,12000,test_loss,0.10978889465332031,test_accuracy,0.9652000069618225
iteration,12100,test_loss,0.10924740880727768,test_accuracy,0.9667999744415283
iteration,12200,test_loss,0.10878562182188034,test_accuracy,0.9668999910354614
iteration,12300,test_loss,0.10929001122713089,test_accuracy,0.9663000106811523
iteration,12400,test_loss,0.10948009043931961,test_accuracy,0.9652000069618225
iteration,12500,test_loss,0.10551027953624725,test_accuracy,0.9678999781608582
iteration,12600,test_loss,0.10509095340967178,test_accuracy,0.9670000076293945
iteration,12700,test_loss,0.10484494268894196,test_accuracy,0.9682000279426575
iteration,12800,test_loss,0.10425621271133423,test_accuracy,0.9685999751091003
iteration,12900,test_loss,0.10557346045970917,test_accuracy,0.9684000015258789
iteration,13000,test_loss,0.10312905162572861,test_accuracy,0.9681000113487244
iteration,13100,test_loss,0.10102300345897675,test_accuracy,0.9690999984741211
iteration,13200,test_loss,0.10197987407445908,test_accuracy,0.9696000218391418
iteration,13300,test_loss,0.10229784995317459,test_accuracy,0.9679999947547913
iteration,13400,test_loss,0.10266327857971191,test_accuracy,0.9679999947547913
iteration,13500,test_loss,0.10109686106443405,test_accuracy,0.9692999720573425
iteration,13600,test_loss,0.10091335326433182,test_accuracy,0.9686999917030334
iteration,13700,test_loss,0.10150367766618729,test_accuracy,0.9678999781608582
